                                  MODFLOW-2000
      U.S. GEOLOGICAL SURVEY MODULAR FINITE-DIFFERENCE GROUND-WATER FLOW MODEL
                           VERSION 1.18.01 06/20/2008


 This model run produced both GLOBAL and LIST files.  This is the LIST file.

 
 THE FREE FORMAT OPTION HAS BEEN SELECTED
    1 LAYERS        64 ROWS        64 COLUMNS
    1 STRESS PERIOD(S) IN SIMULATION

 BAS6 -- BASIC PACKAGE, VERSION 6, 1/11/2000 INPUT READ FROM UNIT    8
          5 ELEMENTS IN IR ARRAY ARE USED BY BAS

 BCF6 -- BLOCK-CENTERED FLOW PACKAGE, VERSION 6, 1/11/2000
         INPUT READ FROM UNIT  9
 STEADY-STATE SIMULATION
 CELL-BY-CELL FLOWS WILL BE SAVED ON UNIT 40
 HEAD AT CELLS THAT CONVERT TO DRY=  -888.00    
 WETTING CAPABILITY IS NOT ACTIVE
      LAYER  LAYER-TYPE CODE     INTERBLOCK T
      --------------------------------------------
         1            1          0 -- HARMONIC    
       4097 ELEMENTS IN RX ARRAY ARE USED BY BCF

       4097  ELEMENTS OF RX ARRAY USED OUT OF       4097
          0  ELEMENTS OF RZ ARRAY USED OUT OF          1
          5  ELEMENTS OF IR ARRAY USED OUT OF          5
1
                                                                                 
                                                                                 



                     BOUNDARY ARRAY FOR LAYER   1
 READING ON UNIT    8 WITH FORMAT: (FREE)              

 AQUIFER HEAD WILL BE SET TO -999.00     AT ALL NO-FLOW NODES (IBOUND=0).



                       INITIAL HEAD FOR LAYER   1
 READING ON UNIT    8 WITH FORMAT: (FREE)              

 OUTPUT CONTROL IS SPECIFIED ONLY AT TIME STEPS FOR WHICH OUTPUT IS DESIRED
 COMPACT CELL-BY-CELL BUDGET FILES WILL BE WRITTEN
 AUXILIARY DATA WILL BE SAVED IN CELL-BY-CELL BUDGET FILES
 HEAD PRINT FORMAT CODE IS   0    DRAWDOWN PRINT FORMAT CODE IS   0
 HEADS WILL BE SAVED ON UNIT    3    DRAWDOWNS WILL BE SAVED ON UNIT    0

 COLUMN TO ROW ANISOTROPY =   1.00000    

 OPENING FILE ON UNIT   99:
 Tran.dat                                                                                                                                                                                                



              HYD. COND. ALONG ROWS FOR LAYER   1
 READING ON UNIT   99 WITH FORMAT: (1F10.4)            
1
                            STRESS PERIOD NO.    1, LENGTH =   1.000000    
                            -----------------------------------------------

                              NUMBER OF TIME STEPS =     1

                               MULTIPLIER FOR DELT =     1.000

                            INITIAL TIME STEP SIZE =   1.000000    
 
 SOLVING FOR HEAD 

 OUTPUT CONTROL FOR STRESS PERIOD    1   TIME STEP   1
    PRINT BUDGET
    SAVE HEAD FOR ALL LAYERS
    SAVE BUDGET
 UBDSV2 SAVING "   CONSTANT HEAD" ON UNIT  40 AT TIME STEP  1, STRESS PERIOD   1
 UBDSV1 SAVING "FLOW RIGHT FACE " ON UNIT  40 AT TIME STEP  1, STRESS PERIOD   1
 UBDSV1 SAVING "FLOW FRONT FACE " ON UNIT  40 AT TIME STEP  1, STRESS PERIOD   1


 ***Link-MT3DMS Package***
 OPENING LINK-MT3DMS OUTPUT FILE: zx_7_12.ftl                                                                                                                                                                                             
 ON UNIT NUMBER:   333
 FILE TYPE: UNFORMATTED
 HEADER OPTION: STANDARD
 ***Link-MT3DMS Package***


 SAVING SATURATED THICKNESS AND FLOW TERMS ON UNIT  333 FOR MT3DMS
 BY THE LINK-MT3DMS PACKAGE V6.3 AT TIME STEP    1, STRESS PERIOD    1


 HEAD WILL BE SAVED ON UNIT    3 AT END OF TIME STEP   1, STRESS PERIOD    1
1
  VOLUMETRIC BUDGET FOR ENTIRE MODEL AT END OF TIME STEP  1 IN STRESS PERIOD   1
  ------------------------------------------------------------------------------

     CUMULATIVE VOLUMES      L**3       RATES FOR THIS TIME STEP      L**3/T
     ------------------                 ------------------------

           IN:                                      IN:
           ---                                      ---
             STORAGE =           0.0000               STORAGE =           0.0000
       CONSTANT HEAD =          12.3798         CONSTANT HEAD =          12.3798

            TOTAL IN =          12.3798              TOTAL IN =          12.3798

          OUT:                                     OUT:
          ----                                     ----
             STORAGE =           0.0000               STORAGE =           0.0000
       CONSTANT HEAD =          12.2795         CONSTANT HEAD =          12.2795

           TOTAL OUT =          12.2795             TOTAL OUT =          12.2795

            IN - OUT =           0.1003              IN - OUT =           0.1003

 PERCENT DISCREPANCY =           0.81     PERCENT DISCREPANCY =           0.81






          TIME SUMMARY AT END OF TIME STEP   1 IN STRESS PERIOD    1
                    SECONDS     MINUTES      HOURS       DAYS        YEARS
                    -----------------------------------------------------------
   TIME STEP LENGTH  86400.      1440.0      24.000      1.0000     2.73785E-03
 STRESS PERIOD TIME  86400.      1440.0      24.000      1.0000     2.73785E-03
         TOTAL TIME  86400.      1440.0      24.000      1.0000     2.73785E-03
1
